python : ERROR:chromadb.telemetry.product.posthog:Failed to send telemetry event ClientStartEvent: 
capture() takes 1 positional argument but 3 were given
строка:1 знак:1
+ python test_date_accuracy.py > test_output.txt 2>&1
+ ~~~~~~~~~~~~~~~~~~~~~~~~~~~~~~~~~~~~~~~~~~~~~~~~~~~
    + CategoryInfo          : NotSpecified: (ERROR:chromadb....ut 3 were given:String) [], RemoteException
    + FullyQualifiedErrorId : NativeCommandError
 
ERROR:chromadb.telemetry.product.posthog:Failed to send telemetry event ClientCreateCollectionEvent: 
capture() takes 1 positional argument but 3 were given
INFO:modules.knowledge_base:\u2705 ┴рчр чэрэшщ шэшЎшрышчшЁютрэр: legal_docs
INFO:modules.llm_service:╚эшЎшрышчшЁютрэ LLM ёхЁтшё ё ьюфхы№■: gpt-4o-mini
ERROR:chromadb.telemetry.product.posthog:Failed to send telemetry event CollectionQueryEvent: capture() 
takes 1 positional argument but 3 were given
INFO:modules.knowledge_base:\U0001f4ca ┴└╟└ ╟═└═╚╔: ═рщфхэю 3 ЁхыхтрэЄэ√ї фюъєьхэЄют фы чряЁюёр: 
'эрыюуют√х ёЄртъш...'
INFO:modules.knowledge_base:\U0001f4c8 ┴└╟└ ╟═└═╚╔: ╤Ёхфэ фшёЄрэЎш: 0.579, ыєў°шщ Ёхчєы№ЄрЄ: 0.571 
(їюЁю°хх ърўхёЄтю)
╥хёЄшЁютрэшх ЄюўэюёЄш фрЄ т юЄтхЄрї сюЄр...

=== ╥хёЄ фы  чряЁюёр: 'эрыюуют√х ёЄртъш' ===
═рщфхэю фюъєьхэЄют: 3
─рЄ√ фюъєьхэЄют:
  ─юъєьхэЄ 1: 20250712 (pravo.by_dynamic)
  ─юъєьхэЄ 2: 20250712 (pravo.by_dynamic)
  ─юъєьхэЄ 3: 20250712 (pravo.by_dynamic)
└эрышч фрЄ: 12.07.2025 (шёЄюўэшъ: pravo.by)
Traceback (most recent call last):
  File "F:\graduation project\test_date_accuracy.py", line 92, in <module>
    test_date_accuracy()
  File "F:\graduation project\test_date_accuracy.py", line 83, in test_date_accuracy
    print(f"─рЄр т юЄтхЄх: {date_line}")
  File "C:\Users\Roman\AppData\Local\Programs\Python\Python310\lib\encodings\cp1251.py", line 19, in encode
    return codecs.charmap_encode(input,self.errors,encoding_table)[0]
UnicodeEncodeError: 'charmap' codec can't encode characters in position 16-17: character maps to 
<undefined>
